// Jest Snapshot v1, https://goo.gl/fbAQLP

exports[`Тест для компонента Button Компонент Button отрисовка текста компонента - тест пройден 1`] = `
<button
  className="text text_type_button text_color_primary button undefined false "
  type="button"
>
  <p
    className="text undefined"
  >
    text
  </p>
</button>
`;
